9 2.08 1678 cover 5.999999999999994 5.999999999999994 4.0
10 2.08 2531 cover 3.999999999999989 3.999999999999989 0.6
11 2.08 4660 cover 5.999999999999992 5.999999999999992 1.7
12 2.08 6667 cover 4.0 4.0 1.8
13 2.08 11395 cover 5.999999999999945 5.999999999999945 7.0
14 2.08 20982 cover 4.000000000015005 4.000000000015005 6.4
15 2.08 23829 CERT 6.999999999999984 6.999999999999984 94.1
9 2.06 1718 cover 6.00000000000005 6.0 0.6
10 2.06 2121 cover 4.000000000000031 4.000000000000031 0.7
11 2.06 5420 cover 5.999999999999397 5.999999999999397 4.2
12 2.06 6831 cover 3.999999999999884 3.999999999999884 2.7
13 2.06 6715 cover 5.9999999999999725 5.9999999999999725 31.7
14 2.06 12686 cover 4.000000000000098 4.000000000000098 5.5
15 2.06 27387 CERT 7.000000000000136 7.000000000000136 147.7
9 2.05 2038 cover 6.000000000000021 6.0 0.9
10 2.05 2121 cover 4.000000000000031 4.000000000000031 0.6
11 2.05 5420 cover 5.999999999999397 5.999999999999397 3.5
12 2.05 4719 cover 4.0 4.0 1.8
13 2.05 8133 cover 6.0 6.0 17.5
14 2.05 13072 cover 4.0 4.0 5.0
15 2.05 24871 cover 6.00000000000001 6.0 40.0
9 2.04 2038 cover 6.000000000000021 6.0 0.9
10 2.04 2201 cover 4.0 4.0 0.6
11 2.04 5347 cover 5.999999999999979 5.999999999999979 8.6
12 2.04 5597 cover 4.0000000000000115 4.0000000000000115 1.7
13 2.04 9189 cover 5.999999999999606 5.999999999999606 5.9
14 2.04 9682 cover 4.0 4.0 4.3
15 2.04 27325 cover 5.999999999959824 5.999999999959824 59.2
