0 1.970903
1 1.88635
2 1.939384
3 1.910244
4 1.921683
5 1.995511
6 1.937688
7 1.90337
8 1.826427
9 1.897835
10 1.998454
11 1.962255
12 1.994747
13 1.808486
14 1.991336
15 1.989672
16 1.968567
17 1.973246
18 1.975564
19 1.903039
20 1.825602
21 1.960781
22 1.872818
23 1.800475
24 1.999998
25 1.991467
26 1.945836
27 1.974283
28 1.847522
29 1.89128
30 1.996803
31 1.990226
32 1.74612
33 1.978898
34 1.860786
35 1.91579
36 1.999899
37 1.981531
38 1.877036
39 1.994922
40 1.781901
41 1.701783
42 1.955677
43 1.812284
44 1.952102
45 1.774348
46 1.923253
47 1.985577
48 1.969195
49 1.903782
50 1.874417
51 1.894591
