0 1.974314
1 1.778471
2 1.944938
3 1.983832
4 1.98172
5 1.999521
6 1.847475
7 1.98221
8 1.954037
9 1.76909
10 1.785353
11 1.975697
12 1.890381
13 1.909164
14 1.946144
15 1.814912
16 1.826348
17 1.982046
18 1.966524
19 1.901273
20 1.915678
21 1.989284
22 1.880266
23 1.98998
24 1.993484
25 1.945769
26 1.999655
27 1.98153
28 1.99997
29 1.998668
30 1.935575
31 1.998488
32 1.937621
33 1.889256
34 1.902671
35 1.978526
36 1.810962
37 1.998815
38 1.977834
39 1.923031
40 1.999694
41 1.934136
42 1.743913
43 1.981302
44 1.909014
45 1.986948
46 1.942995
47 1.961352
48 1.879864
49 1.946635
50 1.906924
51 1.958971
52 1.989226
53 1.952503
